Archive member included to satisfy reference by file (symbol)

/usr/lib/gcc/avr/5.4.0/avr35/libgcc.a(_mulhi3.o)
                              obj/HIDParser.o (__mulhi3)
/usr/lib/gcc/avr/5.4.0/avr35/libgcc.a(_exit.o)
                              /usr/lib/gcc/avr/5.4.0/../../../avr/lib/avr35/crtatmega16u2.o (exit)
/usr/lib/gcc/avr/5.4.0/avr35/libgcc.a(_copy_data.o)
                              obj/KeyboardMouse.o (__do_copy_data)
/usr/lib/gcc/avr/5.4.0/avr35/libgcc.a(_clear_bss.o)
                              obj/KeyboardMouse.o (__do_clear_bss)
/usr/lib/gcc/avr/5.4.0/../../../avr/lib/avr35/libc.a(memcpy_P.o)
                              obj/RNDISClassDevice.o (memcpy_P)
/usr/lib/gcc/avr/5.4.0/../../../avr/lib/avr35/libc.a(strlen_P.o)
                              obj/CDCClassDevice.o (__strlen_P)
/usr/lib/gcc/avr/5.4.0/../../../avr/lib/avr35/libc.a(memcmp.o)
                              obj/HIDClassDevice.o (memcmp)
/usr/lib/gcc/avr/5.4.0/../../../avr/lib/avr35/libc.a(memcpy.o)
                              obj/HIDClassDevice.o (memcpy)
/usr/lib/gcc/avr/5.4.0/../../../avr/lib/avr35/libc.a(memset.o)
                              obj/HIDClassDevice.o (memset)
/usr/lib/gcc/avr/5.4.0/../../../avr/lib/avr35/libatmega16u2.a(eerd_byte.o)
                              obj/EndpointStream_AVR8.o (eeprom_read_byte)
/usr/lib/gcc/avr/5.4.0/../../../avr/lib/avr35/libatmega16u2.a(eeupd_byte.o)
                              obj/EndpointStream_AVR8.o (eeprom_update_byte)

Allocating common symbols
Common symbol       size              file

USB_IsInitialized   0x1               obj/USBTask.o
Keyboard_Buffer     0x85              obj/KeyboardMouse.o
USB_DeviceState     0x1               obj/USBTask.o
USB_Device_ConfigurationNumber
                    0x1               obj/DeviceStandardReq.o
mouseReport         0x3               obj/KeyboardMouse.o
USB_Device_CurrentlySelfPowered
                    0x1               obj/DeviceStandardReq.o
USB_ControlRequest  0x8               obj/USBTask.o
Mouse_Buffer        0x85              obj/KeyboardMouse.o
USB_Device_RemoteWakeupEnabled
                    0x1               obj/DeviceStandardReq.o

Discarded input sections

 .data          0x0000000000000000        0x0 /usr/lib/gcc/avr/5.4.0/../../../avr/lib/avr35/crtatmega16u2.o
 .bss           0x0000000000000000        0x0 /usr/lib/gcc/avr/5.4.0/../../../avr/lib/avr35/crtatmega16u2.o
 .text          0x0000000000000000        0x0 obj/KeyboardMouse.o
 .text          0x0000000000000000        0x0 obj/Descriptors.o
 .data          0x0000000000000000        0x0 obj/Descriptors.o
 .bss           0x0000000000000000        0x0 obj/Descriptors.o
 .text          0x0000000000000000        0x0 obj/HIDParser.o
 .data          0x0000000000000000        0x0 obj/HIDParser.o
 .bss           0x0000000000000000        0x0 obj/HIDParser.o
 .text.USB_ProcessHIDReport
                0x0000000000000000      0x6e2 obj/HIDParser.o
 .text.USB_GetHIDReportItemInfo
                0x0000000000000000       0xbc obj/HIDParser.o
 .text.USB_SetHIDReportItemInfo
                0x0000000000000000       0xc0 obj/HIDParser.o
 .text.USB_GetHIDReportSize
                0x0000000000000000       0x56 obj/HIDParser.o
 .debug_info    0x0000000000000000      0x739 obj/HIDParser.o
 .debug_abbrev  0x0000000000000000      0x21a obj/HIDParser.o
 .debug_loc     0x0000000000000000      0xac1 obj/HIDParser.o
 .debug_aranges
                0x0000000000000000       0x38 obj/HIDParser.o
 .debug_ranges  0x0000000000000000       0xd0 obj/HIDParser.o
 .debug_line    0x0000000000000000      0x571 obj/HIDParser.o
 .debug_str     0x0000000000000000      0x6cd obj/HIDParser.o
 .comment       0x0000000000000000       0x12 obj/HIDParser.o
 .debug_frame   0x0000000000000000      0x11c obj/HIDParser.o
 .text          0x0000000000000000        0x0 obj/Device_AVR8.o
 .data          0x0000000000000000        0x0 obj/Device_AVR8.o
 .bss           0x0000000000000000        0x0 obj/Device_AVR8.o
 .text.USB_Device_SendRemoteWakeup
                0x0000000000000000       0x2c obj/Device_AVR8.o
 .debug_info    0x0000000000000000       0xd2 obj/Device_AVR8.o
 .debug_abbrev  0x0000000000000000       0x80 obj/Device_AVR8.o
 .debug_aranges
                0x0000000000000000       0x20 obj/Device_AVR8.o
 .debug_ranges  0x0000000000000000       0x10 obj/Device_AVR8.o
 .debug_line    0x0000000000000000      0x10e obj/Device_AVR8.o
 .debug_str     0x0000000000000000      0x209 obj/Device_AVR8.o
 .comment       0x0000000000000000       0x12 obj/Device_AVR8.o
 .debug_frame   0x0000000000000000       0x24 obj/Device_AVR8.o
 .text          0x0000000000000000        0x0 obj/EndpointStream_AVR8.o
 .data          0x0000000000000000        0x0 obj/EndpointStream_AVR8.o
 .bss           0x0000000000000000        0x0 obj/EndpointStream_AVR8.o
 .text.Endpoint_Discard_Stream
                0x0000000000000000       0x6a obj/EndpointStream_AVR8.o
 .text.Endpoint_Null_Stream
                0x0000000000000000       0x6a obj/EndpointStream_AVR8.o
 .text.Endpoint_Write_Stream_BE
                0x0000000000000000       0xa4 obj/EndpointStream_AVR8.o
 .text.Endpoint_Read_Stream_LE
                0x0000000000000000       0x9a obj/EndpointStream_AVR8.o
 .text.Endpoint_Read_Stream_BE
                0x0000000000000000       0xa4 obj/EndpointStream_AVR8.o
 .text.Endpoint_Write_PStream_LE
                0x0000000000000000       0x9e obj/EndpointStream_AVR8.o
 .text.Endpoint_Write_PStream_BE
                0x0000000000000000       0xa6 obj/EndpointStream_AVR8.o
 .text.Endpoint_Write_EStream_LE
                0x0000000000000000       0xa0 obj/EndpointStream_AVR8.o
 .text.Endpoint_Write_EStream_BE
                0x0000000000000000       0xa8 obj/EndpointStream_AVR8.o
 .text.Endpoint_Read_EStream_LE
                0x0000000000000000       0xa0 obj/EndpointStream_AVR8.o
 .text.Endpoint_Read_EStream_BE
                0x0000000000000000       0xa8 obj/EndpointStream_AVR8.o
 .text.Endpoint_Write_Control_Stream_BE
                0x0000000000000000       0xca obj/EndpointStream_AVR8.o
 .text.Endpoint_Read_Control_Stream_BE
                0x0000000000000000       0x7a obj/EndpointStream_AVR8.o
 .text.Endpoint_Write_Control_PStream_BE
                0x0000000000000000       0xc8 obj/EndpointStream_AVR8.o
 .text.Endpoint_Write_Control_EStream_LE
                0x0000000000000000       0xe8 obj/EndpointStream_AVR8.o
 .text.Endpoint_Write_Control_EStream_BE
                0x0000000000000000       0xfa obj/EndpointStream_AVR8.o
 .text.Endpoint_Read_Control_EStream_LE
                0x0000000000000000       0x8c obj/EndpointStream_AVR8.o
 .text.Endpoint_Read_Control_EStream_BE
                0x0000000000000000       0x8a obj/EndpointStream_AVR8.o
 .text          0x0000000000000000        0x0 obj/Endpoint_AVR8.o
 .data          0x0000000000000000        0x0 obj/Endpoint_AVR8.o
 .bss           0x0000000000000000        0x0 obj/Endpoint_AVR8.o
 .text.Endpoint_ClearEndpoints
                0x0000000000000000       0x28 obj/Endpoint_AVR8.o
 .text          0x0000000000000000        0x0 obj/Host_AVR8.o
 .data          0x0000000000000000        0x0 obj/Host_AVR8.o
 .bss           0x0000000000000000        0x0 obj/Host_AVR8.o
 .debug_info    0x0000000000000000       0x56 obj/Host_AVR8.o
 .debug_abbrev  0x0000000000000000       0x26 obj/Host_AVR8.o
 .debug_aranges
                0x0000000000000000       0x18 obj/Host_AVR8.o
 .debug_line    0x0000000000000000       0x1a obj/Host_AVR8.o
 .debug_str     0x0000000000000000      0x1a8 obj/Host_AVR8.o
 .comment       0x0000000000000000       0x12 obj/Host_AVR8.o
 .text          0x0000000000000000        0x0 obj/PipeStream_AVR8.o
 .data          0x0000000000000000        0x0 obj/PipeStream_AVR8.o
 .bss           0x0000000000000000        0x0 obj/PipeStream_AVR8.o
 .debug_info    0x0000000000000000       0x56 obj/PipeStream_AVR8.o
 .debug_abbrev  0x0000000000000000       0x26 obj/PipeStream_AVR8.o
 .debug_aranges
                0x0000000000000000       0x18 obj/PipeStream_AVR8.o
 .debug_line    0x0000000000000000       0x1a obj/PipeStream_AVR8.o
 .debug_str     0x0000000000000000      0x1ae obj/PipeStream_AVR8.o
 .comment       0x0000000000000000       0x12 obj/PipeStream_AVR8.o
 .text          0x0000000000000000        0x0 obj/Pipe_AVR8.o
 .data          0x0000000000000000        0x0 obj/Pipe_AVR8.o
 .bss           0x0000000000000000        0x0 obj/Pipe_AVR8.o
 .debug_info    0x0000000000000000       0x56 obj/Pipe_AVR8.o
 .debug_abbrev  0x0000000000000000       0x26 obj/Pipe_AVR8.o
 .debug_aranges
                0x0000000000000000       0x18 obj/Pipe_AVR8.o
 .debug_line    0x0000000000000000       0x1a obj/Pipe_AVR8.o
 .debug_str     0x0000000000000000      0x1a8 obj/Pipe_AVR8.o
 .comment       0x0000000000000000       0x12 obj/Pipe_AVR8.o
 .text          0x0000000000000000        0x0 obj/USBController_AVR8.o
 .data          0x0000000000000000        0x0 obj/USBController_AVR8.o
 .bss           0x0000000000000000        0x0 obj/USBController_AVR8.o
 .text.USB_Disable
                0x0000000000000000       0x2e obj/USBController_AVR8.o
 .text          0x0000000000000000        0x0 obj/USBInterrupt_AVR8.o
 .data          0x0000000000000000        0x0 obj/USBInterrupt_AVR8.o
 .bss           0x0000000000000000        0x0 obj/USBInterrupt_AVR8.o
 .text          0x0000000000000000        0x0 obj/ConfigDescriptors.o
 .data          0x0000000000000000        0x0 obj/ConfigDescriptors.o
 .bss           0x0000000000000000        0x0 obj/ConfigDescriptors.o
 .text.USB_GetNextDescriptor
                0x0000000000000000       0x3c obj/ConfigDescriptors.o
 .text.USB_GetNextDescriptorOfType
                0x0000000000000000       0x38 obj/ConfigDescriptors.o
 .text.USB_GetNextDescriptorOfTypeBefore
                0x0000000000000000       0x46 obj/ConfigDescriptors.o
 .text.USB_GetNextDescriptorOfTypeAfter
                0x0000000000000000       0x3e obj/ConfigDescriptors.o
 .text.USB_GetNextDescriptorComp
                0x0000000000000000       0x66 obj/ConfigDescriptors.o
 .debug_info    0x0000000000000000      0x3d5 obj/ConfigDescriptors.o
 .debug_abbrev  0x0000000000000000      0x185 obj/ConfigDescriptors.o
 .debug_loc     0x0000000000000000      0x59f obj/ConfigDescriptors.o
 .debug_aranges
                0x0000000000000000       0x40 obj/ConfigDescriptors.o
 .debug_ranges  0x0000000000000000       0x30 obj/ConfigDescriptors.o
 .debug_line    0x0000000000000000      0x1d8 obj/ConfigDescriptors.o
 .debug_str     0x0000000000000000      0x3f1 obj/ConfigDescriptors.o
 .comment       0x0000000000000000       0x12 obj/ConfigDescriptors.o
 .debug_frame   0x0000000000000000       0xfc obj/ConfigDescriptors.o
 .text          0x0000000000000000        0x0 obj/DeviceStandardReq.o
 .data          0x0000000000000000        0x0 obj/DeviceStandardReq.o
 .bss           0x0000000000000000        0x0 obj/DeviceStandardReq.o
 .text          0x0000000000000000        0x0 obj/Events.o
 .data          0x0000000000000000        0x0 obj/Events.o
 .bss           0x0000000000000000        0x0 obj/Events.o
 .text.USB_Event_Stub_2
                0x0000000000000000        0x2 obj/Events.o
 .text.USB_Event_Stub_3
                0x0000000000000000        0x2 obj/Events.o
 .text          0x0000000000000000        0x0 obj/HostStandardReq.o
 .data          0x0000000000000000        0x0 obj/HostStandardReq.o
 .bss           0x0000000000000000        0x0 obj/HostStandardReq.o
 .debug_info    0x0000000000000000       0x56 obj/HostStandardReq.o
 .debug_abbrev  0x0000000000000000       0x26 obj/HostStandardReq.o
 .debug_aranges
                0x0000000000000000       0x18 obj/HostStandardReq.o
 .debug_line    0x0000000000000000       0x1a obj/HostStandardReq.o
 .debug_str     0x0000000000000000      0x1a9 obj/HostStandardReq.o
 .comment       0x0000000000000000       0x12 obj/HostStandardReq.o
 .text          0x0000000000000000        0x0 obj/USBTask.o
 .data          0x0000000000000000        0x0 obj/USBTask.o
 .bss           0x0000000000000000        0x0 obj/USBTask.o
 .text          0x0000000000000000        0x0 obj/AudioClassDevice.o
 .data          0x0000000000000000        0x0 obj/AudioClassDevice.o
 .bss           0x0000000000000000        0x0 obj/AudioClassDevice.o
 .text.Audio_Device_ConfigureEndpoints
                0x0000000000000000       0x32 obj/AudioClassDevice.o
 .text.Audio_Device_Event_Stub
                0x0000000000000000        0x2 obj/AudioClassDevice.o
 .text.Audio_Device_ProcessControlRequest
                0x0000000000000000      0x2e4 obj/AudioClassDevice.o
 .debug_info    0x0000000000000000      0x862 obj/AudioClassDevice.o
 .debug_abbrev  0x0000000000000000      0x1f7 obj/AudioClassDevice.o
 .debug_loc     0x0000000000000000      0x37c obj/AudioClassDevice.o
 .debug_aranges
                0x0000000000000000       0x30 obj/AudioClassDevice.o
 .debug_ranges  0x0000000000000000       0x20 obj/AudioClassDevice.o
 .debug_line    0x0000000000000000      0x427 obj/AudioClassDevice.o
 .debug_str     0x0000000000000000      0x6c5 obj/AudioClassDevice.o
 .comment       0x0000000000000000       0x12 obj/AudioClassDevice.o
 .debug_frame   0x0000000000000000       0xa8 obj/AudioClassDevice.o
 .text          0x0000000000000000        0x0 obj/CCIDClassDevice.o
 .data          0x0000000000000000        0x0 obj/CCIDClassDevice.o
 .bss           0x0000000000000000        0x0 obj/CCIDClassDevice.o
 .text.CCID_CheckStatusNoError
                0x0000000000000000        0xc obj/CCIDClassDevice.o
 .text.CCID_Device_ProcessControlRequest
                0x0000000000000000       0x72 obj/CCIDClassDevice.o
 .text.CCID_Device_ConfigureEndpoints
                0x0000000000000000       0x30 obj/CCIDClassDevice.o
 .text.CCID_Device_USBTask
                0x0000000000000000      0x3d4 obj/CCIDClassDevice.o
 .debug_info    0x0000000000000000      0xd7d obj/CCIDClassDevice.o
 .debug_abbrev  0x0000000000000000      0x319 obj/CCIDClassDevice.o
 .debug_loc     0x0000000000000000      0x659 obj/CCIDClassDevice.o
 .debug_aranges
                0x0000000000000000       0x38 obj/CCIDClassDevice.o
 .debug_ranges  0x0000000000000000       0x40 obj/CCIDClassDevice.o
 .debug_line    0x0000000000000000      0x5b0 obj/CCIDClassDevice.o
 .debug_str     0x0000000000000000      0x9ec obj/CCIDClassDevice.o
 .comment       0x0000000000000000       0x12 obj/CCIDClassDevice.o
 .debug_frame   0x0000000000000000       0xbc obj/CCIDClassDevice.o
 .text          0x0000000000000000        0x0 obj/CDCClassDevice.o
 .data          0x0000000000000000        0x0 obj/CDCClassDevice.o
 .bss           0x0000000000000000        0x0 obj/CDCClassDevice.o
 .text.CDC_Device_ConfigureEndpoints
                0x0000000000000000       0x50 obj/CDCClassDevice.o
 .text.CDC_Device_SendString
                0x0000000000000000       0x42 obj/CDCClassDevice.o
 .text.CDC_Device_SendData
                0x0000000000000000       0x34 obj/CDCClassDevice.o
 .text.CDC_Device_SendString_P
                0x0000000000000000       0x52 obj/CDCClassDevice.o
 .text.CDC_Device_SendData_P
                0x0000000000000000       0x34 obj/CDCClassDevice.o
 .text.CDC_Device_SendByte
                0x0000000000000000       0x58 obj/CDCClassDevice.o
 .text.CDC_Device_putchar
                0x0000000000000000       0x22 obj/CDCClassDevice.o
 .text.CDC_Device_Flush
                0x0000000000000000       0x56 obj/CDCClassDevice.o
 .text.CDC_Device_USBTask
                0x0000000000000000       0x2e obj/CDCClassDevice.o
 .text.CDC_Device_BytesReceived
                0x0000000000000000       0x4a obj/CDCClassDevice.o
 .text.CDC_Device_ReceiveByte
                0x0000000000000000       0x5a obj/CDCClassDevice.o
 .text.CDC_Device_getchar
                0x0000000000000000       0x14 obj/CDCClassDevice.o
 .text.CDC_Device_getchar_Blocking
                0x0000000000000000       0x32 obj/CDCClassDevice.o
 .rodata        0x0000000000000000        0x8 obj/CDCClassDevice.o
 .text.CDC_Device_SendControlLineStateChange
                0x0000000000000000       0x8e obj/CDCClassDevice.o
 .text.CDC_Device_CreateStream
                0x0000000000000000       0x26 obj/CDCClassDevice.o
 .text.CDC_Device_CreateBlockingStream
                0x0000000000000000       0x26 obj/CDCClassDevice.o
 .text.CDC_Device_Event_Stub
                0x0000000000000000        0x2 obj/CDCClassDevice.o
 .text.CDC_Device_Event_Stub_2
                0x0000000000000000        0x2 obj/CDCClassDevice.o
 .text.CDC_Device_ProcessControlRequest
                0x0000000000000000      0x16e obj/CDCClassDevice.o
 .debug_info    0x0000000000000000     0x104f obj/CDCClassDevice.o
 .debug_abbrev  0x0000000000000000      0x404 obj/CDCClassDevice.o
 .debug_loc     0x0000000000000000      0xaa3 obj/CDCClassDevice.o
 .debug_aranges
                0x0000000000000000       0xb0 obj/CDCClassDevice.o
 .debug_ranges  0x0000000000000000       0xa0 obj/CDCClassDevice.o
 .debug_line    0x0000000000000000      0x8de obj/CDCClassDevice.o
 .debug_str     0x0000000000000000      0xa9a obj/CDCClassDevice.o
 .comment       0x0000000000000000       0x12 obj/CDCClassDevice.o
 .debug_frame   0x0000000000000000      0x1b0 obj/CDCClassDevice.o
 .text          0x0000000000000000        0x0 obj/HIDClassDevice.o
 .data          0x0000000000000000        0x0 obj/HIDClassDevice.o
 .bss           0x0000000000000000        0x0 obj/HIDClassDevice.o
 .text          0x0000000000000000        0x0 obj/MassStorageClassDevice.o
 .data          0x0000000000000000        0x0 obj/MassStorageClassDevice.o
 .bss           0x0000000000000000        0x0 obj/MassStorageClassDevice.o
 .text.MS_Device_ProcessControlRequest
                0x0000000000000000       0x86 obj/MassStorageClassDevice.o
 .text.MS_Device_ConfigureEndpoints
                0x0000000000000000       0x3e obj/MassStorageClassDevice.o
 .text.MS_Device_USBTask
                0x0000000000000000      0x23e obj/MassStorageClassDevice.o
 .debug_info    0x0000000000000000      0x91c obj/MassStorageClassDevice.o
 .debug_abbrev  0x0000000000000000      0x26d obj/MassStorageClassDevice.o
 .debug_loc     0x0000000000000000      0x2ac obj/MassStorageClassDevice.o
 .debug_aranges
                0x0000000000000000       0x30 obj/MassStorageClassDevice.o
 .debug_ranges  0x0000000000000000       0x20 obj/MassStorageClassDevice.o
 .debug_line    0x0000000000000000      0x4a1 obj/MassStorageClassDevice.o
 .debug_str     0x0000000000000000      0x81d obj/MassStorageClassDevice.o
 .comment       0x0000000000000000       0x12 obj/MassStorageClassDevice.o
 .debug_frame   0x0000000000000000       0x80 obj/MassStorageClassDevice.o
 .text          0x0000000000000000        0x0 obj/MIDIClassDevice.o
 .data          0x0000000000000000        0x0 obj/MIDIClassDevice.o
 .bss           0x0000000000000000        0x0 obj/MIDIClassDevice.o
 .text.MIDI_Device_ConfigureEndpoints
                0x0000000000000000       0x32 obj/MIDIClassDevice.o
 .text.MIDI_Device_SendEventPacket
                0x0000000000000000       0x46 obj/MIDIClassDevice.o
 .text.MIDI_Device_Flush
                0x0000000000000000       0x2c obj/MIDIClassDevice.o
 .text.MIDI_Device_USBTask
                0x0000000000000000       0x22 obj/MIDIClassDevice.o
 .text.MIDI_Device_ReceiveEventPacket
                0x0000000000000000       0x4a obj/MIDIClassDevice.o
 .debug_info    0x0000000000000000      0x5de obj/MIDIClassDevice.o
 .debug_abbrev  0x0000000000000000      0x219 obj/MIDIClassDevice.o
 .debug_loc     0x0000000000000000      0x304 obj/MIDIClassDevice.o
 .debug_aranges
                0x0000000000000000       0x40 obj/MIDIClassDevice.o
 .debug_ranges  0x0000000000000000       0x30 obj/MIDIClassDevice.o
 .debug_line    0x0000000000000000      0x381 obj/MIDIClassDevice.o
 .debug_str     0x0000000000000000      0x686 obj/MIDIClassDevice.o
 .comment       0x0000000000000000       0x12 obj/MIDIClassDevice.o
 .debug_frame   0x0000000000000000       0x70 obj/MIDIClassDevice.o
 .text          0x0000000000000000        0x0 obj/PrinterClassDevice.o
 .data          0x0000000000000000        0x0 obj/PrinterClassDevice.o
 .bss           0x0000000000000000        0x0 obj/PrinterClassDevice.o
 .text.PRNT_Device_ConfigureEndpoints
                0x0000000000000000       0x38 obj/PrinterClassDevice.o
 .text.PRNT_Device_SendString
                0x0000000000000000       0x32 obj/PrinterClassDevice.o
 .text.PRNT_Device_SendData
                0x0000000000000000       0x24 obj/PrinterClassDevice.o
 .text.PRNT_Device_SendByte
                0x0000000000000000       0x40 obj/PrinterClassDevice.o
 .text.PRNT_Device_putchar
                0x0000000000000000       0x22 obj/PrinterClassDevice.o
 .text.PRNT_Device_Flush
                0x0000000000000000       0x46 obj/PrinterClassDevice.o
 .text.PRNT_Device_USBTask
                0x0000000000000000       0x9c obj/PrinterClassDevice.o
 .text.PRNT_Device_BytesReceived
                0x0000000000000000       0x3a obj/PrinterClassDevice.o
 .text.PRNT_Device_ReceiveByte
                0x0000000000000000       0x4a obj/PrinterClassDevice.o
 .text.PRNT_Device_getchar
                0x0000000000000000       0x14 obj/PrinterClassDevice.o
 .text.PRNT_Device_getchar_Blocking
                0x0000000000000000       0x32 obj/PrinterClassDevice.o
 .text.PRNT_Device_CreateStream
                0x0000000000000000       0x26 obj/PrinterClassDevice.o
 .text.PRNT_Device_CreateBlockingStream
                0x0000000000000000       0x26 obj/PrinterClassDevice.o
 .text.PRNT_Device_Event_Stub
                0x0000000000000000        0x2 obj/PrinterClassDevice.o
 .text.PRNT_Device_ProcessControlRequest
                0x0000000000000000       0xea obj/PrinterClassDevice.o
 .debug_info    0x0000000000000000      0xce4 obj/PrinterClassDevice.o
 .debug_abbrev  0x0000000000000000      0x30e obj/PrinterClassDevice.o
 .debug_loc     0x0000000000000000      0x84e obj/PrinterClassDevice.o
 .debug_aranges
                0x0000000000000000       0x90 obj/PrinterClassDevice.o
 .debug_ranges  0x0000000000000000       0x80 obj/PrinterClassDevice.o
 .debug_line    0x0000000000000000      0x6b4 obj/PrinterClassDevice.o
 .debug_str     0x0000000000000000      0x954 obj/PrinterClassDevice.o
 .comment       0x0000000000000000       0x12 obj/PrinterClassDevice.o
 .debug_frame   0x0000000000000000      0x13c obj/PrinterClassDevice.o
 .text          0x0000000000000000        0x0 obj/RNDISClassDevice.o
 .data          0x0000000000000000        0x0 obj/RNDISClassDevice.o
 .bss           0x0000000000000000        0x0 obj/RNDISClassDevice.o
 .text.RNDIS_Device_ProcessControlRequest
                0x0000000000000000      0x512 obj/RNDISClassDevice.o
 .text.RNDIS_Device_ConfigureEndpoints
                0x0000000000000000       0x64 obj/RNDISClassDevice.o
 .rodata        0x0000000000000000        0x8 obj/RNDISClassDevice.o
 .text.RNDIS_Device_USBTask
                0x0000000000000000       0x80 obj/RNDISClassDevice.o
 .text.RNDIS_Device_IsPacketReceived
                0x0000000000000000       0x28 obj/RNDISClassDevice.o
 .text.RNDIS_Device_ReadPacket
                0x0000000000000000      0x10e obj/RNDISClassDevice.o
 .text.RNDIS_Device_SendPacket
                0x0000000000000000       0xd4 obj/RNDISClassDevice.o
 .progmem.data  0x0000000000000000       0x6c obj/RNDISClassDevice.o
 .debug_info    0x0000000000000000     0x1140 obj/RNDISClassDevice.o
 .debug_abbrev  0x0000000000000000      0x353 obj/RNDISClassDevice.o
 .debug_loc     0x0000000000000000      0xea4 obj/RNDISClassDevice.o
 .debug_aranges
                0x0000000000000000       0x48 obj/RNDISClassDevice.o
 .debug_ranges  0x0000000000000000       0x88 obj/RNDISClassDevice.o
 .debug_line    0x0000000000000000      0x6de obj/RNDISClassDevice.o
 .debug_str     0x0000000000000000      0xdb9 obj/RNDISClassDevice.o
 .comment       0x0000000000000000       0x12 obj/RNDISClassDevice.o
 .debug_frame   0x0000000000000000      0x134 obj/RNDISClassDevice.o
 .text          0x0000000000000000        0x0 obj/AndroidAccessoryClassHost.o
 .data          0x0000000000000000        0x0 obj/AndroidAccessoryClassHost.o
 .bss           0x0000000000000000        0x0 obj/AndroidAccessoryClassHost.o
 .debug_info    0x0000000000000000       0x56 obj/AndroidAccessoryClassHost.o
 .debug_abbrev  0x0000000000000000       0x26 obj/AndroidAccessoryClassHost.o
 .debug_aranges
                0x0000000000000000       0x18 obj/AndroidAccessoryClassHost.o
 .debug_line    0x0000000000000000       0x1a obj/AndroidAccessoryClassHost.o
 .debug_str     0x0000000000000000      0x1b9 obj/AndroidAccessoryClassHost.o
 .comment       0x0000000000000000       0x12 obj/AndroidAccessoryClassHost.o
 .text          0x0000000000000000        0x0 obj/AudioClassHost.o
 .data          0x0000000000000000        0x0 obj/AudioClassHost.o
 .bss           0x0000000000000000        0x0 obj/AudioClassHost.o
 .debug_info    0x0000000000000000       0x56 obj/AudioClassHost.o
 .debug_abbrev  0x0000000000000000       0x26 obj/AudioClassHost.o
 .debug_aranges
                0x0000000000000000       0x18 obj/AudioClassHost.o
 .debug_line    0x0000000000000000       0x1a obj/AudioClassHost.o
 .debug_str     0x0000000000000000      0x1ae obj/AudioClassHost.o
 .comment       0x0000000000000000       0x12 obj/AudioClassHost.o
 .text          0x0000000000000000        0x0 obj/CDCClassHost.o
 .data          0x0000000000000000        0x0 obj/CDCClassHost.o
 .bss           0x0000000000000000        0x0 obj/CDCClassHost.o
 .debug_info    0x0000000000000000       0x56 obj/CDCClassHost.o
 .debug_abbrev  0x0000000000000000       0x26 obj/CDCClassHost.o
 .debug_aranges
                0x0000000000000000       0x18 obj/CDCClassHost.o
 .debug_line    0x0000000000000000       0x1a obj/CDCClassHost.o
 .debug_str     0x0000000000000000      0x1ac obj/CDCClassHost.o
 .comment       0x0000000000000000       0x12 obj/CDCClassHost.o
 .text          0x0000000000000000        0x0 obj/HIDClassHost.o
 .data          0x0000000000000000        0x0 obj/HIDClassHost.o
 .bss           0x0000000000000000        0x0 obj/HIDClassHost.o
 .debug_info    0x0000000000000000       0x56 obj/HIDClassHost.o
 .debug_abbrev  0x0000000000000000       0x26 obj/HIDClassHost.o
 .debug_aranges
                0x0000000000000000       0x18 obj/HIDClassHost.o
 .debug_line    0x0000000000000000       0x1a obj/HIDClassHost.o
 .debug_str     0x0000000000000000      0x1ac obj/HIDClassHost.o
 .comment       0x0000000000000000       0x12 obj/HIDClassHost.o
 .text          0x0000000000000000        0x0 obj/MassStorageClassHost.o
 .data          0x0000000000000000        0x0 obj/MassStorageClassHost.o
 .bss           0x0000000000000000        0x0 obj/MassStorageClassHost.o
 .debug_info    0x0000000000000000       0x56 obj/MassStorageClassHost.o
 .debug_abbrev  0x0000000000000000       0x26 obj/MassStorageClassHost.o
 .debug_aranges
                0x0000000000000000       0x18 obj/MassStorageClassHost.o
 .debug_line    0x0000000000000000       0x1a obj/MassStorageClassHost.o
 .debug_str     0x0000000000000000      0x1b4 obj/MassStorageClassHost.o
 .comment       0x0000000000000000       0x12 obj/MassStorageClassHost.o
 .text          0x0000000000000000        0x0 obj/MIDIClassHost.o
 .data          0x0000000000000000        0x0 obj/MIDIClassHost.o
 .bss           0x0000000000000000        0x0 obj/MIDIClassHost.o
 .debug_info    0x0000000000000000       0x56 obj/MIDIClassHost.o
 .debug_abbrev  0x0000000000000000       0x26 obj/MIDIClassHost.o
 .debug_aranges
                0x0000000000000000       0x18 obj/MIDIClassHost.o
 .debug_line    0x0000000000000000       0x1a obj/MIDIClassHost.o
 .debug_str     0x0000000000000000      0x1ad obj/MIDIClassHost.o
 .comment       0x0000000000000000       0x12 obj/MIDIClassHost.o
 .text          0x0000000000000000        0x0 obj/PrinterClassHost.o
 .data          0x0000000000000000        0x0 obj/PrinterClassHost.o
 .bss           0x0000000000000000        0x0 obj/PrinterClassHost.o
 .debug_info    0x0000000000000000       0x56 obj/PrinterClassHost.o
 .debug_abbrev  0x0000000000000000       0x26 obj/PrinterClassHost.o
 .debug_aranges
                0x0000000000000000       0x18 obj/PrinterClassHost.o
 .debug_line    0x0000000000000000       0x1a obj/PrinterClassHost.o
 .debug_str     0x0000000000000000      0x1b0 obj/PrinterClassHost.o
 .comment       0x0000000000000000       0x12 obj/PrinterClassHost.o
 .text          0x0000000000000000        0x0 obj/RNDISClassHost.o
 .data          0x0000000000000000        0x0 obj/RNDISClassHost.o
 .bss           0x0000000000000000        0x0 obj/RNDISClassHost.o
 .debug_info    0x0000000000000000       0x56 obj/RNDISClassHost.o
 .debug_abbrev  0x0000000000000000       0x26 obj/RNDISClassHost.o
 .debug_aranges
                0x0000000000000000       0x18 obj/RNDISClassHost.o
 .debug_line    0x0000000000000000       0x1a obj/RNDISClassHost.o
 .debug_str     0x0000000000000000      0x1ae obj/RNDISClassHost.o
 .comment       0x0000000000000000       0x12 obj/RNDISClassHost.o
 .text          0x0000000000000000        0x0 obj/StillImageClassHost.o
 .data          0x0000000000000000        0x0 obj/StillImageClassHost.o
 .bss           0x0000000000000000        0x0 obj/StillImageClassHost.o
 .debug_info    0x0000000000000000       0x56 obj/StillImageClassHost.o
 .debug_abbrev  0x0000000000000000       0x26 obj/StillImageClassHost.o
 .debug_aranges
                0x0000000000000000       0x18 obj/StillImageClassHost.o
 .debug_line    0x0000000000000000       0x1a obj/StillImageClassHost.o
 .debug_str     0x0000000000000000      0x1b3 obj/StillImageClassHost.o
 .comment       0x0000000000000000       0x12 obj/StillImageClassHost.o
 .text          0x0000000000000000        0x0 /usr/lib/gcc/avr/5.4.0/avr35/libgcc.a(_mulhi3.o)
 .data          0x0000000000000000        0x0 /usr/lib/gcc/avr/5.4.0/avr35/libgcc.a(_mulhi3.o)
 .bss           0x0000000000000000        0x0 /usr/lib/gcc/avr/5.4.0/avr35/libgcc.a(_mulhi3.o)
 .text.libgcc.mul
                0x0000000000000000       0x22 /usr/lib/gcc/avr/5.4.0/avr35/libgcc.a(_mulhi3.o)
 .text.libgcc.div
                0x0000000000000000        0x0 /usr/lib/gcc/avr/5.4.0/avr35/libgcc.a(_mulhi3.o)
 .text.libgcc   0x0000000000000000        0x0 /usr/lib/gcc/avr/5.4.0/avr35/libgcc.a(_mulhi3.o)
 .text.libgcc.prologue
                0x0000000000000000        0x0 /usr/lib/gcc/avr/5.4.0/avr35/libgcc.a(_mulhi3.o)
 .text.libgcc.builtins
                0x0000000000000000        0x0 /usr/lib/gcc/avr/5.4.0/avr35/libgcc.a(_mulhi3.o)
 .text.libgcc.fmul
                0x0000000000000000        0x0 /usr/lib/gcc/avr/5.4.0/avr35/libgcc.a(_mulhi3.o)
 .text.libgcc.fixed
                0x0000000000000000        0x0 /usr/lib/gcc/avr/5.4.0/avr35/libgcc.a(_mulhi3.o)
 .text          0x0000000000000000        0x0 /usr/lib/gcc/avr/5.4.0/avr35/libgcc.a(_exit.o)
 .data          0x0000000000000000        0x0 /usr/lib/gcc/avr/5.4.0/avr35/libgcc.a(_exit.o)
 .bss           0x0000000000000000        0x0 /usr/lib/gcc/avr/5.4.0/avr35/libgcc.a(_exit.o)
 .text.libgcc.mul
                0x0000000000000000        0x0 /usr/lib/gcc/avr/5.4.0/avr35/libgcc.a(_exit.o)
 .text.libgcc.div
                0x0000000000000000        0x0 /usr/lib/gcc/avr/5.4.0/avr35/libgcc.a(_exit.o)
 .text.libgcc   0x0000000000000000        0x0 /usr/lib/gcc/avr/5.4.0/avr35/libgcc.a(_exit.o)
 .text.libgcc.prologue
                0x0000000000000000        0x0 /usr/lib/gcc/avr/5.4.0/avr35/libgcc.a(_exit.o)
 .text.libgcc.builtins
                0x0000000000000000        0x0 /usr/lib/gcc/avr/5.4.0/avr35/libgcc.a(_exit.o)
 .text.libgcc.fmul
                0x0000000000000000        0x0 /usr/lib/gcc/avr/5.4.0/avr35/libgcc.a(_exit.o)
 .text.libgcc.fixed
                0x0000000000000000        0x0 /usr/lib/gcc/avr/5.4.0/avr35/libgcc.a(_exit.o)
 .text          0x0000000000000000        0x0 /usr/lib/gcc/avr/5.4.0/avr35/libgcc.a(_copy_data.o)
 .data          0x0000000000000000        0x0 /usr/lib/gcc/avr/5.4.0/avr35/libgcc.a(_copy_data.o)
 .bss           0x0000000000000000        0x0 /usr/lib/gcc/avr/5.4.0/avr35/libgcc.a(_copy_data.o)
 .text.libgcc.mul
                0x0000000000000000        0x0 /usr/lib/gcc/avr/5.4.0/avr35/libgcc.a(_copy_data.o)
 .text.libgcc.div
                0x0000000000000000        0x0 /usr/lib/gcc/avr/5.4.0/avr35/libgcc.a(_copy_data.o)
 .text.libgcc   0x0000000000000000        0x0 /usr/lib/gcc/avr/5.4.0/avr35/libgcc.a(_copy_data.o)
 .text.libgcc.prologue
                0x0000000000000000        0x0 /usr/lib/gcc/avr/5.4.0/avr35/libgcc.a(_copy_data.o)
 .text.libgcc.builtins
                0x0000000000000000        0x0 /usr/lib/gcc/avr/5.4.0/avr35/libgcc.a(_copy_data.o)
 .text.libgcc.fmul
                0x0000000000000000        0x0 /usr/lib/gcc/avr/5.4.0/avr35/libgcc.a(_copy_data.o)
 .text.libgcc.fixed
                0x0000000000000000        0x0 /usr/lib/gcc/avr/5.4.0/avr35/libgcc.a(_copy_data.o)
 .text          0x0000000000000000        0x0 /usr/lib/gcc/avr/5.4.0/avr35/libgcc.a(_clear_bss.o)
 .data          0x0000000000000000        0x0 /usr/lib/gcc/avr/5.4.0/avr35/libgcc.a(_clear_bss.o)
 .bss           0x0000000000000000        0x0 /usr/lib/gcc/avr/5.4.0/avr35/libgcc.a(_clear_bss.o)
 .text.libgcc.mul
                0x0000000000000000        0x0 /usr/lib/gcc/avr/5.4.0/avr35/libgcc.a(_clear_bss.o)
 .text.libgcc.div
                0x0000000000000000        0x0 /usr/lib/gcc/avr/5.4.0/avr35/libgcc.a(_clear_bss.o)
 .text.libgcc   0x0000000000000000        0x0 /usr/lib/gcc/avr/5.4.0/avr35/libgcc.a(_clear_bss.o)
 .text.libgcc.prologue
                0x0000000000000000        0x0 /usr/lib/gcc/avr/5.4.0/avr35/libgcc.a(_clear_bss.o)
 .text.libgcc.builtins
                0x0000000000000000        0x0 /usr/lib/gcc/avr/5.4.0/avr35/libgcc.a(_clear_bss.o)
 .text.libgcc.fmul
                0x0000000000000000        0x0 /usr/lib/gcc/avr/5.4.0/avr35/libgcc.a(_clear_bss.o)
 .text.libgcc.fixed
                0x0000000000000000        0x0 /usr/lib/gcc/avr/5.4.0/avr35/libgcc.a(_clear_bss.o)
 .text          0x0000000000000000        0x0 /usr/lib/gcc/avr/5.4.0/../../../avr/lib/avr35/libc.a(memcpy_P.o)
 .data          0x0000000000000000        0x0 /usr/lib/gcc/avr/5.4.0/../../../avr/lib/avr35/libc.a(memcpy_P.o)
 .bss           0x0000000000000000        0x0 /usr/lib/gcc/avr/5.4.0/../../../avr/lib/avr35/libc.a(memcpy_P.o)
 .text.avr-libc
                0x0000000000000000       0x12 /usr/lib/gcc/avr/5.4.0/../../../avr/lib/avr35/libc.a(memcpy_P.o)
 .text          0x0000000000000000        0x0 /usr/lib/gcc/avr/5.4.0/../../../avr/lib/avr35/libc.a(strlen_P.o)
 .data          0x0000000000000000        0x0 /usr/lib/gcc/avr/5.4.0/../../../avr/lib/avr35/libc.a(strlen_P.o)
 .bss           0x0000000000000000        0x0 /usr/lib/gcc/avr/5.4.0/../../../avr/lib/avr35/libc.a(strlen_P.o)
 .text.avr-libc
                0x0000000000000000       0x12 /usr/lib/gcc/avr/5.4.0/../../../avr/lib/avr35/libc.a(strlen_P.o)
 .text          0x0000000000000000        0x0 /usr/lib/gcc/avr/5.4.0/../../../avr/lib/avr35/libc.a(memcmp.o)
 .data          0x0000000000000000        0x0 /usr/lib/gcc/avr/5.4.0/../../../avr/lib/avr35/libc.a(memcmp.o)
 .bss           0x0000000000000000        0x0 /usr/lib/gcc/avr/5.4.0/../../../avr/lib/avr35/libc.a(memcmp.o)
 .text          0x0000000000000000        0x0 /usr/lib/gcc/avr/5.4.0/../../../avr/lib/avr35/libc.a(memcpy.o)
 .data          0x0000000000000000        0x0 /usr/lib/gcc/avr/5.4.0/../../../avr/lib/avr35/libc.a(memcpy.o)
 .bss           0x0000000000000000        0x0 /usr/lib/gcc/avr/5.4.0/../../../avr/lib/avr35/libc.a(memcpy.o)
 .text          0x0000000000000000        0x0 /usr/lib/gcc/avr/5.4.0/../../../avr/lib/avr35/libc.a(memset.o)
 .data          0x0000000000000000        0x0 /usr/lib/gcc/avr/5.4.0/../../../avr/lib/avr35/libc.a(memset.o)
 .bss           0x0000000000000000        0x0 /usr/lib/gcc/avr/5.4.0/../../../avr/lib/avr35/libc.a(memset.o)
 .text          0x0000000000000000        0x0 /usr/lib/gcc/avr/5.4.0/../../../avr/lib/avr35/libatmega16u2.a(eerd_byte.o)
 .data          0x0000000000000000        0x0 /usr/lib/gcc/avr/5.4.0/../../../avr/lib/avr35/libatmega16u2.a(eerd_byte.o)
 .bss           0x0000000000000000        0x0 /usr/lib/gcc/avr/5.4.0/../../../avr/lib/avr35/libatmega16u2.a(eerd_byte.o)
 .text.avr-libc
                0x0000000000000000       0x10 /usr/lib/gcc/avr/5.4.0/../../../avr/lib/avr35/libatmega16u2.a(eerd_byte.o)
 .text          0x0000000000000000        0x0 /usr/lib/gcc/avr/5.4.0/../../../avr/lib/avr35/libatmega16u2.a(eeupd_byte.o)
 .data          0x0000000000000000        0x0 /usr/lib/gcc/avr/5.4.0/../../../avr/lib/avr35/libatmega16u2.a(eeupd_byte.o)
 .bss           0x0000000000000000        0x0 /usr/lib/gcc/avr/5.4.0/../../../avr/lib/avr35/libatmega16u2.a(eeupd_byte.o)
 .text.avr-libc
                0x0000000000000000       0x24 /usr/lib/gcc/avr/5.4.0/../../../avr/lib/avr35/libatmega16u2.a(eeupd_byte.o)

Memory Configuration

Name             Origin             Length             Attributes
text             0x0000000000000000 0x0000000000004000 xr
data             0x0000000000800100 0x0000000000000200 rw !x
eeprom           0x0000000000810000 0x0000000000000200 rw !x
fuse             0x0000000000820000 0x0000000000000003 rw !x
lock             0x0000000000830000 0x0000000000000400 rw !x
signature        0x0000000000840000 0x0000000000000400 rw !x
user_signatures  0x0000000000850000 0x0000000000000400 rw !x
*default*        0x0000000000000000 0xffffffffffffffff

Linker script and memory map

Address of section .data set to 0x800100
LOAD /usr/lib/gcc/avr/5.4.0/../../../avr/lib/avr35/crtatmega16u2.o
LOAD obj/KeyboardMouse.o
LOAD obj/Descriptors.o
LOAD obj/HIDParser.o
LOAD obj/Device_AVR8.o
LOAD obj/EndpointStream_AVR8.o
LOAD obj/Endpoint_AVR8.o
LOAD obj/Host_AVR8.o
LOAD obj/PipeStream_AVR8.o
LOAD obj/Pipe_AVR8.o
LOAD obj/USBController_AVR8.o
LOAD obj/USBInterrupt_AVR8.o
LOAD obj/ConfigDescriptors.o
LOAD obj/DeviceStandardReq.o
LOAD obj/Events.o
LOAD obj/HostStandardReq.o
LOAD obj/USBTask.o
LOAD obj/AudioClassDevice.o
LOAD obj/CCIDClassDevice.o
LOAD obj/CDCClassDevice.o
LOAD obj/HIDClassDevice.o
LOAD obj/MassStorageClassDevice.o
LOAD obj/MIDIClassDevice.o
LOAD obj/PrinterClassDevice.o
LOAD obj/RNDISClassDevice.o
LOAD obj/AndroidAccessoryClassHost.o
LOAD obj/AudioClassHost.o
LOAD obj/CDCClassHost.o
LOAD obj/HIDClassHost.o
LOAD obj/MassStorageClassHost.o
LOAD obj/MIDIClassHost.o
LOAD obj/PrinterClassHost.o
LOAD obj/RNDISClassHost.o
LOAD obj/StillImageClassHost.o
LOAD /usr/lib/gcc/avr/5.4.0/../../../avr/lib/avr35/libm.a
START GROUP
LOAD /usr/lib/gcc/avr/5.4.0/avr35/libgcc.a
LOAD /usr/lib/gcc/avr/5.4.0/../../../avr/lib/avr35/libm.a
LOAD /usr/lib/gcc/avr/5.4.0/../../../avr/lib/avr35/libc.a
LOAD /usr/lib/gcc/avr/5.4.0/../../../avr/lib/avr35/libatmega16u2.a
END GROUP
                0x0000000000000000                __TEXT_REGION_ORIGIN__ = DEFINED (__TEXT_REGION_ORIGIN__)?__TEXT_REGION_ORIGIN__:0x0
                [0x0000000000800100]                __DATA_REGION_ORIGIN__ = DEFINED (__DATA_REGION_ORIGIN__)?__DATA_REGION_ORIGIN__:0x800060
                [0x0000000000004000]                __TEXT_REGION_LENGTH__ = DEFINED (__TEXT_REGION_LENGTH__)?__TEXT_REGION_LENGTH__:0x10000
                [0x0000000000000200]                __DATA_REGION_LENGTH__ = DEFINED (__DATA_REGION_LENGTH__)?__DATA_REGION_LENGTH__:0xffa0
                [0x0000000000000200]                __EEPROM_REGION_LENGTH__ = DEFINED (__EEPROM_REGION_LENGTH__)?__EEPROM_REGION_LENGTH__:0x10000
                [0x0000000000000003]                __FUSE_REGION_LENGTH__ = DEFINED (__FUSE_REGION_LENGTH__)?__FUSE_REGION_LENGTH__:0x400
                0x0000000000000400                __LOCK_REGION_LENGTH__ = DEFINED (__LOCK_REGION_LENGTH__)?__LOCK_REGION_LENGTH__:0x400
                0x0000000000000400                __SIGNATURE_REGION_LENGTH__ = DEFINED (__SIGNATURE_REGION_LENGTH__)?__SIGNATURE_REGION_LENGTH__:0x400
                0x0000000000000400                __USER_SIGNATURE_REGION_LENGTH__ = DEFINED (__USER_SIGNATURE_REGION_LENGTH__)?__USER_SIGNATURE_REGION_LENGTH__:0x400

.hash
 *(.hash)

.dynsym
 *(.dynsym)

.dynstr
 *(.dynstr)

.gnu.version
 *(.gnu.version)

.gnu.version_d
 *(.gnu.version_d)

.gnu.version_r
 *(.gnu.version_r)

.rel.init
 *(.rel.init)

.rela.init
 *(.rela.init)

.rel.text
 *(.rel.text)
 *(.rel.text.*)
 *(.rel.gnu.linkonce.t*)

.rela.text
 *(.rela.text)
 *(.rela.text.*)
 *(.rela.gnu.linkonce.t*)

.rel.fini
 *(.rel.fini)

.rela.fini
 *(.rela.fini)

.rel.rodata
 *(.rel.rodata)
 *(.rel.rodata.*)
 *(.rel.gnu.linkonce.r*)

.rela.rodata
 *(.rela.rodata)
 *(.rela.rodata.*)
 *(.rela.gnu.linkonce.r*)

.rel.data
 *(.rel.data)
 *(.rel.data.*)
 *(.rel.gnu.linkonce.d*)

.rela.data
 *(.rela.data)
 *(.rela.data.*)
 *(.rela.gnu.linkonce.d*)

.rel.ctors
 *(.rel.ctors)

.rela.ctors
 *(.rela.ctors)

.rel.dtors
 *(.rel.dtors)

.rela.dtors
 *(.rela.dtors)

.rel.got
 *(.rel.got)

.rela.got
 *(.rela.got)

.rel.bss
 *(.rel.bss)

.rela.bss
 *(.rela.bss)

.rel.plt
 *(.rel.plt)

.rela.plt
 *(.rela.plt)

.text           0x0000000000000000     0x12d2
 *(.vectors)
 .vectors       0x0000000000000000       0x74 /usr/lib/gcc/avr/5.4.0/../../../avr/lib/avr35/crtatmega16u2.o
                0x0000000000000000                __vectors
                0x0000000000000000                __vector_default
 *(.vectors)
 *(.progmem.gcc*)
                0x0000000000000074                . = ALIGN (0x2)
                0x0000000000000074                __trampolines_start = .
 *(.trampolines)
 .trampolines   0x0000000000000074        0x0 linker stubs
 *(.trampolines*)
                0x0000000000000074                __trampolines_end = .
 *libprintf_flt.a:*(.progmem.data)
 *libc.a:*(.progmem.data)
 *(.progmem*)
 .progmem.data  0x0000000000000074      0x103 obj/Descriptors.o
                0x0000000000000074                ProductString
                0x00000000000000a0                ManufacturerString
                0x00000000000000b4                LanguageString
                0x00000000000000b8                ConfigurationDescriptor
                0x00000000000000f3                DeviceDescriptor
                0x0000000000000105                KeyboardReport
                0x0000000000000145                MouseReport
                0x0000000000000178                . = ALIGN (0x2)
 *fill*         0x0000000000000177        0x1 
 *(.jumptables)
 *(.jumptables*)
 *(.lowtext)
 *(.lowtext*)
                0x0000000000000178                __ctors_start = .
 *(.ctors)
                0x0000000000000178                __ctors_end = .
                0x0000000000000178                __dtors_start = .
 *(.dtors)
                0x0000000000000178                __dtors_end = .
 SORT(*)(.ctors)
 SORT(*)(.dtors)
 *(.init0)
 .init0         0x0000000000000178        0x0 /usr/lib/gcc/avr/5.4.0/../../../avr/lib/avr35/crtatmega16u2.o
                0x0000000000000178                __init
 *(.init0)
 *(.init1)
 *(.init1)
 *(.init2)
 .init2         0x0000000000000178        0xc /usr/lib/gcc/avr/5.4.0/../../../avr/lib/avr35/crtatmega16u2.o
 *(.init2)
 *(.init3)
 *(.init3)
 *(.init4)
 .init4         0x0000000000000184       0x16 /usr/lib/gcc/avr/5.4.0/avr35/libgcc.a(_copy_data.o)
                0x0000000000000184                __do_copy_data
 .init4         0x000000000000019a       0x10 /usr/lib/gcc/avr/5.4.0/avr35/libgcc.a(_clear_bss.o)
                0x000000000000019a                __do_clear_bss
 *(.init4)
 *(.init5)
 *(.init5)
 *(.init6)
 *(.init6)
 *(.init7)
 *(.init7)
 *(.init8)
 *(.init8)
 *(.init9)
 .init9         0x00000000000001aa        0x6 /usr/lib/gcc/avr/5.4.0/../../../avr/lib/avr35/crtatmega16u2.o
 *(.init9)
 *(.text)
 .text          0x00000000000001b0        0x2 /usr/lib/gcc/avr/5.4.0/../../../avr/lib/avr35/crtatmega16u2.o
                0x00000000000001b0                __vector_22
                0x00000000000001b0                __vector_28
                0x00000000000001b0                __vector_1
                0x00000000000001b0                __vector_24
                0x00000000000001b0                __vector_12
                0x00000000000001b0                __bad_interrupt
                0x00000000000001b0                __vector_6
                0x00000000000001b0                __vector_3
                0x00000000000001b0                __vector_25
                0x00000000000001b0                __vector_13
                0x00000000000001b0                __vector_17
                0x00000000000001b0                __vector_19
                0x00000000000001b0                __vector_7
                0x00000000000001b0                __vector_27
                0x00000000000001b0                __vector_5
                0x00000000000001b0                __vector_4
                0x00000000000001b0                __vector_9
                0x00000000000001b0                __vector_2
                0x00000000000001b0                __vector_21
                0x00000000000001b0                __vector_15
                0x00000000000001b0                __vector_8
                0x00000000000001b0                __vector_26
                0x00000000000001b0                __vector_14
                0x00000000000001b0                __vector_10
                0x00000000000001b0                __vector_16
                0x00000000000001b0                __vector_18
                0x00000000000001b0                __vector_20
                0x00000000000001b2                . = ALIGN (0x2)
 *(.text.*)
 .text.LEDs_SetAllLEDs
                0x00000000000001b2        0xc obj/KeyboardMouse.o
 .text.RingBuffer_InitBuffer
                0x00000000000001be       0x1c obj/KeyboardMouse.o
 .text.RingBuffer_Insert
                0x00000000000001da       0x3c obj/KeyboardMouse.o
 .text.RingBuffer_Remove
                0x0000000000000216       0x3a obj/KeyboardMouse.o
 .text.SetupHardware
                0x0000000000000250       0x76 obj/KeyboardMouse.o
                0x0000000000000250                SetupHardware
 .text.startup.main
                0x00000000000002c6       0x24 obj/KeyboardMouse.o
                0x00000000000002c6                main
 .text.EVENT_USB_Device_Connect
                0x00000000000002ea        0x4 obj/KeyboardMouse.o
                0x00000000000002ea                EVENT_USB_Device_Connect
 .text.EVENT_USB_Device_Disconnect
                0x00000000000002ee        0x4 obj/KeyboardMouse.o
                0x00000000000002ee                EVENT_USB_Device_Disconnect
 .text.EVENT_USB_Device_ConfigurationChanged
                0x00000000000002f2       0x2c obj/KeyboardMouse.o
                0x00000000000002f2                EVENT_USB_Device_ConfigurationChanged
 .text.EVENT_USB_Device_ControlRequest
                0x000000000000031e        0xc obj/KeyboardMouse.o
                0x000000000000031e                EVENT_USB_Device_ControlRequest
 .text.EVENT_USB_Device_StartOfFrame
                0x000000000000032a       0x2e obj/KeyboardMouse.o
                0x000000000000032a                EVENT_USB_Device_StartOfFrame
 .text.CALLBACK_HID_Device_CreateHIDReport
                0x0000000000000358       0xf0 obj/KeyboardMouse.o
                0x0000000000000358                CALLBACK_HID_Device_CreateHIDReport
 .text.CALLBACK_HID_Device_ProcessHIDReport
                0x0000000000000448       0x18 obj/KeyboardMouse.o
                0x0000000000000448                CALLBACK_HID_Device_ProcessHIDReport
 .text.__vector_23
                0x0000000000000460       0xae obj/KeyboardMouse.o
                0x0000000000000460                __vector_23
 .text.CALLBACK_USB_GetDescriptor
                0x000000000000050e       0xb2 obj/Descriptors.o
                0x000000000000050e                CALLBACK_USB_GetDescriptor
 .text.Endpoint_Write_Stream_LE
                0x00000000000005c0       0x94 obj/EndpointStream_AVR8.o
                0x00000000000005c0                Endpoint_Write_Stream_LE
 .text.Endpoint_Write_Control_Stream_LE
                0x0000000000000654       0xb6 obj/EndpointStream_AVR8.o
                0x0000000000000654                Endpoint_Write_Control_Stream_LE
 .text.Endpoint_Read_Control_Stream_LE
                0x000000000000070a       0x78 obj/EndpointStream_AVR8.o
                0x000000000000070a                Endpoint_Read_Control_Stream_LE
 .text.Endpoint_Write_Control_PStream_LE
                0x0000000000000782       0xbc obj/EndpointStream_AVR8.o
                0x0000000000000782                Endpoint_Write_Control_PStream_LE
 .text.Endpoint_ConfigureEndpoint_Prv
                0x000000000000083e       0x6a obj/Endpoint_AVR8.o
                0x000000000000083e                Endpoint_ConfigureEndpoint_Prv
 .text.Endpoint_ConfigureEndpointTable
                0x00000000000008a8       0x7a obj/Endpoint_AVR8.o
                0x00000000000008a8                Endpoint_ConfigureEndpointTable
 .text.Endpoint_ClearStatusStage
                0x0000000000000922       0x3e obj/Endpoint_AVR8.o
                0x0000000000000922                Endpoint_ClearStatusStage
 .text.Endpoint_WaitUntilReady
                0x0000000000000960       0x66 obj/Endpoint_AVR8.o
                0x0000000000000960                Endpoint_WaitUntilReady
 .text.USB_ResetInterface
                0x00000000000009c6       0x72 obj/USBController_AVR8.o
                0x00000000000009c6                USB_ResetInterface
 .text.USB_Init
                0x0000000000000a38       0x12 obj/USBController_AVR8.o
                0x0000000000000a38                USB_Init
 .text.USB_INT_DisableAllInterrupts
                0x0000000000000a4a        0x6 obj/USBInterrupt_AVR8.o
                0x0000000000000a4a                USB_INT_DisableAllInterrupts
 .text.USB_INT_ClearAllInterrupts
                0x0000000000000a50        0x6 obj/USBInterrupt_AVR8.o
                0x0000000000000a50                USB_INT_ClearAllInterrupts
 .text.__vector_11
                0x0000000000000a56      0x148 obj/USBInterrupt_AVR8.o
                0x0000000000000a56                __vector_11
 .text.USB_Device_ProcessControlRequest
                0x0000000000000b9e      0x2c2 obj/DeviceStandardReq.o
                0x0000000000000b9e                USB_Device_ProcessControlRequest
 .text.USB_Event_Stub
                0x0000000000000e60        0x2 obj/Events.o
                0x0000000000000e60                EVENT_USB_Device_WakeUp
                0x0000000000000e60                USB_Event_Stub
                0x0000000000000e60                EVENT_USB_Device_Suspend
                0x0000000000000e60                EVENT_USB_Device_Reset
 .text.USB_USBTask
                0x0000000000000e62       0x34 obj/USBTask.o
                0x0000000000000e62                USB_USBTask
 .text.HID_Device_ProcessControlRequest
                0x0000000000000e96      0x266 obj/HIDClassDevice.o
                0x0000000000000e96                HID_Device_ProcessControlRequest
 .text.HID_Device_ConfigureEndpoints
                0x00000000000010fc       0x26 obj/HIDClassDevice.o
                0x00000000000010fc                HID_Device_ConfigureEndpoints
 .text.HID_Device_USBTask
                0x0000000000001122      0x172 obj/HIDClassDevice.o
                0x0000000000001122                HID_Device_USBTask
 .text.avr-libc
                0x0000000000001294       0x1a /usr/lib/gcc/avr/5.4.0/../../../avr/lib/avr35/libc.a(memcmp.o)
                0x0000000000001294                memcmp
 .text.avr-libc
                0x00000000000012ae       0x12 /usr/lib/gcc/avr/5.4.0/../../../avr/lib/avr35/libc.a(memcpy.o)
                0x00000000000012ae                memcpy
 .text.avr-libc
                0x00000000000012c0        0xe /usr/lib/gcc/avr/5.4.0/../../../avr/lib/avr35/libc.a(memset.o)
                0x00000000000012c0                memset
                0x00000000000012ce                . = ALIGN (0x2)
 *(.fini9)
 .fini9         0x00000000000012ce        0x0 /usr/lib/gcc/avr/5.4.0/avr35/libgcc.a(_exit.o)
                0x00000000000012ce                exit
                0x00000000000012ce                _exit
 *(.fini9)
 *(.fini8)
 *(.fini8)
 *(.fini7)
 *(.fini7)
 *(.fini6)
 *(.fini6)
 *(.fini5)
 *(.fini5)
 *(.fini4)
 *(.fini4)
 *(.fini3)
 *(.fini3)
 *(.fini2)
 *(.fini2)
 *(.fini1)
 *(.fini1)
 *(.fini0)
 .fini0         0x00000000000012ce        0x4 /usr/lib/gcc/avr/5.4.0/avr35/libgcc.a(_exit.o)
 *(.fini0)
                0x00000000000012d2                _etext = .

.data           0x0000000000800100       0x20 load address 0x00000000000012d2
                0x0000000000800100                PROVIDE (__data_start, .)
 *(.data)
 .data          0x0000000000800100       0x20 obj/KeyboardMouse.o
                0x0000000000800100                Mouse_HID_Interface
                0x0000000000800110                Keyboard_HID_Interface
 *(.data*)
 *(.gnu.linkonce.d*)
 *(.rodata)
 *(.rodata*)
 *(.gnu.linkonce.r*)
                0x0000000000800120                . = ALIGN (0x2)
                0x0000000000800120                _edata = .
                0x0000000000800120                PROVIDE (__data_end, .)

.bss            0x0000000000800120      0x130
                0x0000000000800120                PROVIDE (__bss_start, .)
 *(.bss)
 .bss           0x0000000000800120       0x16 obj/KeyboardMouse.o
                0x0000000000800120                CommandBuffered
                0x0000000000800121                CurrentCommand
                0x0000000000800122                ledReport
                0x0000000000800123                keyboardData
 *(.bss*)
 *(COMMON)
 COMMON         0x0000000000800136      0x10d obj/KeyboardMouse.o
                0x0000000000800136                Keyboard_Buffer
                0x00000000008001bb                mouseReport
                0x00000000008001be                Mouse_Buffer
 COMMON         0x0000000000800243        0x3 obj/DeviceStandardReq.o
                0x0000000000800243                USB_Device_ConfigurationNumber
                0x0000000000800244                USB_Device_CurrentlySelfPowered
                0x0000000000800245                USB_Device_RemoteWakeupEnabled
 COMMON         0x0000000000800246        0xa obj/USBTask.o
                0x0000000000800246                USB_IsInitialized
                0x0000000000800247                USB_DeviceState
                0x0000000000800248                USB_ControlRequest
                0x0000000000800250                PROVIDE (__bss_end, .)
                0x00000000000012d2                __data_load_start = LOADADDR (.data)
                0x00000000000012f2                __data_load_end = (__data_load_start + SIZEOF (.data))

.noinit         0x0000000000800250        0x0
                [!provide]                        PROVIDE (__noinit_start, .)
 *(.noinit*)
                [!provide]                        PROVIDE (__noinit_end, .)
                0x0000000000800250                _end = .
                [!provide]                        PROVIDE (__heap_start, .)

.eeprom         0x0000000000810000        0x0
 *(.eeprom*)
                0x0000000000810000                __eeprom_end = .

.fuse
 *(.fuse)
 *(.lfuse)
 *(.hfuse)
 *(.efuse)

.lock
 *(.lock*)

.signature
 *(.signature*)

.user_signatures
 *(.user_signatures*)

.stab
 *(.stab)

.stabstr
 *(.stabstr)

.stab.excl
 *(.stab.excl)

.stab.exclstr
 *(.stab.exclstr)

.stab.index
 *(.stab.index)

.stab.indexstr
 *(.stab.indexstr)

.comment        0x0000000000000000       0x11
 *(.comment)
 .comment       0x0000000000000000       0x11 obj/KeyboardMouse.o
                                         0x12 (size before relaxing)
 .comment       0x0000000000000011       0x12 obj/Descriptors.o
 .comment       0x0000000000000011       0x12 obj/EndpointStream_AVR8.o
 .comment       0x0000000000000011       0x12 obj/Endpoint_AVR8.o
 .comment       0x0000000000000011       0x12 obj/USBController_AVR8.o
 .comment       0x0000000000000011       0x12 obj/USBInterrupt_AVR8.o
 .comment       0x0000000000000011       0x12 obj/DeviceStandardReq.o
 .comment       0x0000000000000011       0x12 obj/Events.o
 .comment       0x0000000000000011       0x12 obj/USBTask.o
 .comment       0x0000000000000011       0x12 obj/HIDClassDevice.o

.note.gnu.avr.deviceinfo
                0x0000000000000000       0x40
 .note.gnu.avr.deviceinfo
                0x0000000000000000       0x40 /usr/lib/gcc/avr/5.4.0/../../../avr/lib/avr35/crtatmega16u2.o

.note.gnu.build-id
 *(.note.gnu.build-id)

.debug
 *(.debug)

.line
 *(.line)

.debug_srcinfo
 *(.debug_srcinfo)

.debug_sfnames
 *(.debug_sfnames)

.debug_aranges  0x0000000000000000      0x2b0
 *(.debug_aranges)
 .debug_aranges
                0x0000000000000000       0x88 obj/KeyboardMouse.o
 .debug_aranges
                0x0000000000000088       0x20 obj/Descriptors.o
 .debug_aranges
                0x00000000000000a8       0xc8 obj/EndpointStream_AVR8.o
 .debug_aranges
                0x0000000000000170       0x40 obj/Endpoint_AVR8.o
 .debug_aranges
                0x00000000000001b0       0x30 obj/USBController_AVR8.o
 .debug_aranges
                0x00000000000001e0       0x30 obj/USBInterrupt_AVR8.o
 .debug_aranges
                0x0000000000000210       0x20 obj/DeviceStandardReq.o
 .debug_aranges
                0x0000000000000230       0x30 obj/Events.o
 .debug_aranges
                0x0000000000000260       0x20 obj/USBTask.o
 .debug_aranges
                0x0000000000000280       0x30 obj/HIDClassDevice.o

.debug_pubnames
 *(.debug_pubnames)

.debug_info     0x0000000000000000     0x5ac7
 *(.debug_info .gnu.linkonce.wi.*)
 .debug_info    0x0000000000000000      0x6ba /usr/lib/gcc/avr/5.4.0/../../../avr/lib/avr35/crtatmega16u2.o
 .debug_info    0x00000000000006ba      0xd92 obj/KeyboardMouse.o
 .debug_info    0x000000000000144c      0x755 obj/Descriptors.o
 .debug_info    0x0000000000001ba1     0x181d obj/EndpointStream_AVR8.o
 .debug_info    0x00000000000033be      0x620 obj/Endpoint_AVR8.o
 .debug_info    0x00000000000039de      0x483 obj/USBController_AVR8.o
 .debug_info    0x0000000000003e61      0x5c2 obj/USBInterrupt_AVR8.o
 .debug_info    0x0000000000004423      0xa41 obj/DeviceStandardReq.o
 .debug_info    0x0000000000004e64       0xde obj/Events.o
 .debug_info    0x0000000000004f42      0x272 obj/USBTask.o
 .debug_info    0x00000000000051b4      0x913 obj/HIDClassDevice.o

.debug_abbrev   0x0000000000000000     0x19d3
 *(.debug_abbrev)
 .debug_abbrev  0x0000000000000000      0x65d /usr/lib/gcc/avr/5.4.0/../../../avr/lib/avr35/crtatmega16u2.o
 .debug_abbrev  0x000000000000065d      0x3f6 obj/KeyboardMouse.o
 .debug_abbrev  0x0000000000000a53      0x173 obj/Descriptors.o
 .debug_abbrev  0x0000000000000bc6      0x1ea obj/EndpointStream_AVR8.o
 .debug_abbrev  0x0000000000000db0      0x226 obj/Endpoint_AVR8.o
 .debug_abbrev  0x0000000000000fd6      0x188 obj/USBController_AVR8.o
 .debug_abbrev  0x000000000000115e      0x1b4 obj/USBInterrupt_AVR8.o
 .debug_abbrev  0x0000000000001312      0x29c obj/DeviceStandardReq.o
 .debug_abbrev  0x00000000000015ae       0x99 obj/Events.o
 .debug_abbrev  0x0000000000001647      0x16b obj/USBTask.o
 .debug_abbrev  0x00000000000017b2      0x221 obj/HIDClassDevice.o

.debug_line     0x0000000000000000     0x33d8
 *(.debug_line .debug_line.* .debug_line_end)
 .debug_line    0x0000000000000000       0x1a /usr/lib/gcc/avr/5.4.0/../../../avr/lib/avr35/crtatmega16u2.o
 .debug_line    0x000000000000001a      0x739 obj/KeyboardMouse.o
 .debug_line    0x0000000000000753      0x217 obj/Descriptors.o
 .debug_line    0x000000000000096a     0x1411 obj/EndpointStream_AVR8.o
 .debug_line    0x0000000000001d7b      0x481 obj/Endpoint_AVR8.o
 .debug_line    0x00000000000021fc      0x2af obj/USBController_AVR8.o
 .debug_line    0x00000000000024ab      0x3d1 obj/USBInterrupt_AVR8.o
 .debug_line    0x000000000000287c      0x471 obj/DeviceStandardReq.o
 .debug_line    0x0000000000002ced       0x98 obj/Events.o
 .debug_line    0x0000000000002d85      0x163 obj/USBTask.o
 .debug_line    0x0000000000002ee8      0x4f0 obj/HIDClassDevice.o

.debug_frame    0x0000000000000000      0x840
 *(.debug_frame)
 .debug_frame   0x0000000000000000      0x188 obj/KeyboardMouse.o
 .debug_frame   0x0000000000000188       0x24 obj/Descriptors.o
 .debug_frame   0x00000000000001ac      0x3bc obj/EndpointStream_AVR8.o
 .debug_frame   0x0000000000000568       0x78 obj/Endpoint_AVR8.o
 .debug_frame   0x00000000000005e0       0x44 obj/USBController_AVR8.o
 .debug_frame   0x0000000000000624       0x8c obj/USBInterrupt_AVR8.o
 .debug_frame   0x00000000000006b0       0x3c obj/DeviceStandardReq.o
 .debug_frame   0x00000000000006ec       0x44 obj/Events.o
 .debug_frame   0x0000000000000730       0x2c obj/USBTask.o
 .debug_frame   0x000000000000075c       0xe4 obj/HIDClassDevice.o

.debug_str      0x0000000000000000     0x2345
 *(.debug_str)
 .debug_str     0x0000000000000000      0x262 /usr/lib/gcc/avr/5.4.0/../../../avr/lib/avr35/crtatmega16u2.o
 .debug_str     0x0000000000000262      0x7e6 obj/KeyboardMouse.o
                                        0x86c (size before relaxing)
 .debug_str     0x0000000000000a48      0x722 obj/Descriptors.o
                                        0x977 (size before relaxing)
 .debug_str     0x000000000000116a      0x5e6 obj/EndpointStream_AVR8.o
                                        0x877 (size before relaxing)
 .debug_str     0x0000000000001750      0x2db obj/Endpoint_AVR8.o
                                        0x62b (size before relaxing)
 .debug_str     0x0000000000001a2b      0x1f6 obj/USBController_AVR8.o
                                        0x541 (size before relaxing)
 .debug_str     0x0000000000001c21       0xba obj/USBInterrupt_AVR8.o
                                        0x4ec (size before relaxing)
 .debug_str     0x0000000000001cdb      0x444 obj/DeviceStandardReq.o
                                        0x9ba (size before relaxing)
 .debug_str     0x000000000000211f       0x5b obj/Events.o
                                        0x1d9 (size before relaxing)
 .debug_str     0x000000000000217a       0x63 obj/USBTask.o
                                        0x390 (size before relaxing)
 .debug_str     0x00000000000021dd      0x168 obj/HIDClassDevice.o
                                        0x710 (size before relaxing)

.debug_loc      0x0000000000000000     0x37af
 *(.debug_loc)
 .debug_loc     0x0000000000000000      0x78e obj/KeyboardMouse.o
 .debug_loc     0x000000000000078e      0x2e7 obj/Descriptors.o
 .debug_loc     0x0000000000000a75     0x1f3d obj/EndpointStream_AVR8.o
 .debug_loc     0x00000000000029b2      0x399 obj/Endpoint_AVR8.o
 .debug_loc     0x0000000000002d4b       0x78 obj/USBController_AVR8.o
 .debug_loc     0x0000000000002dc3      0x26f obj/USBInterrupt_AVR8.o
 .debug_loc     0x0000000000003032      0x2f6 obj/DeviceStandardReq.o
 .debug_loc     0x0000000000003328       0x49 obj/USBTask.o
 .debug_loc     0x0000000000003371      0x43e obj/HIDClassDevice.o

.debug_macinfo
 *(.debug_macinfo)

.debug_weaknames
 *(.debug_weaknames)

.debug_funcnames
 *(.debug_funcnames)

.debug_typenames
 *(.debug_typenames)

.debug_varnames
 *(.debug_varnames)

.debug_pubtypes
 *(.debug_pubtypes)

.debug_ranges   0x0000000000000000      0x3c8
 *(.debug_ranges)
 .debug_ranges  0x0000000000000000       0x78 obj/KeyboardMouse.o
 .debug_ranges  0x0000000000000078       0x28 obj/Descriptors.o
 .debug_ranges  0x00000000000000a0      0x1f8 obj/EndpointStream_AVR8.o
 .debug_ranges  0x0000000000000298       0x78 obj/Endpoint_AVR8.o
 .debug_ranges  0x0000000000000310       0x20 obj/USBController_AVR8.o
 .debug_ranges  0x0000000000000330       0x20 obj/USBInterrupt_AVR8.o
 .debug_ranges  0x0000000000000350       0x28 obj/DeviceStandardReq.o
 .debug_ranges  0x0000000000000378       0x20 obj/Events.o
 .debug_ranges  0x0000000000000398       0x10 obj/USBTask.o
 .debug_ranges  0x00000000000003a8       0x20 obj/HIDClassDevice.o

.debug_macro
 *(.debug_macro)
OUTPUT(KeyboardMouse.elf elf32-avr)
LOAD linker stubs

Cross Reference Table

Symbol                                            File
Audio_Device_ConfigureEndpoints                   obj/AudioClassDevice.o
Audio_Device_Event_Stub                           obj/AudioClassDevice.o
Audio_Device_ProcessControlRequest                obj/AudioClassDevice.o
CALLBACK_Audio_Device_GetSetEndpointProperty      obj/AudioClassDevice.o
CALLBACK_Audio_Device_GetSetInterfaceProperty     obj/AudioClassDevice.o
CALLBACK_CCID_Abort                               obj/CCIDClassDevice.o
CALLBACK_CCID_GetParameters_T0                    obj/CCIDClassDevice.o
CALLBACK_CCID_GetSlotStatus                       obj/CCIDClassDevice.o
CALLBACK_CCID_IccPowerOff                         obj/CCIDClassDevice.o
CALLBACK_CCID_IccPowerOn                          obj/CCIDClassDevice.o
CALLBACK_CCID_SetParameters_T0                    obj/CCIDClassDevice.o
CALLBACK_CCID_XfrBlock                            obj/CCIDClassDevice.o
CALLBACK_HIDParser_FilterHIDReportItem            obj/HIDParser.o
CALLBACK_HID_Device_CreateHIDReport               obj/KeyboardMouse.o
                                                  obj/HIDClassDevice.o
CALLBACK_HID_Device_ProcessHIDReport              obj/KeyboardMouse.o
                                                  obj/HIDClassDevice.o
CALLBACK_MS_Device_SCSICommandReceived            obj/MassStorageClassDevice.o
CALLBACK_USB_GetDescriptor                        obj/Descriptors.o
                                                  obj/DeviceStandardReq.o
CCID_CheckStatusNoError                           obj/CCIDClassDevice.o
CCID_Device_ConfigureEndpoints                    obj/CCIDClassDevice.o
CCID_Device_ProcessControlRequest                 obj/CCIDClassDevice.o
CCID_Device_USBTask                               obj/CCIDClassDevice.o
CDC_Device_BytesReceived                          obj/CDCClassDevice.o
CDC_Device_ConfigureEndpoints                     obj/CDCClassDevice.o
CDC_Device_CreateBlockingStream                   obj/CDCClassDevice.o
CDC_Device_CreateStream                           obj/CDCClassDevice.o
CDC_Device_Event_Stub                             obj/CDCClassDevice.o
CDC_Device_Event_Stub_2                           obj/CDCClassDevice.o
CDC_Device_Flush                                  obj/CDCClassDevice.o
CDC_Device_ProcessControlRequest                  obj/CDCClassDevice.o
CDC_Device_ReceiveByte                            obj/CDCClassDevice.o
CDC_Device_SendByte                               obj/CDCClassDevice.o
CDC_Device_SendControlLineStateChange             obj/CDCClassDevice.o
CDC_Device_SendData                               obj/CDCClassDevice.o
CDC_Device_SendData_P                             obj/CDCClassDevice.o
CDC_Device_SendString                             obj/CDCClassDevice.o
CDC_Device_SendString_P                           obj/CDCClassDevice.o
CDC_Device_USBTask                                obj/CDCClassDevice.o
CommandBuffered                                   obj/KeyboardMouse.o
ConfigurationDescriptor                           obj/Descriptors.o
CurrentCommand                                    obj/KeyboardMouse.o
DeviceDescriptor                                  obj/Descriptors.o
EVENT_Audio_Device_StreamStartStop                obj/AudioClassDevice.o
EVENT_CDC_Device_BreakSent                        obj/CDCClassDevice.o
EVENT_CDC_Device_ControLineStateChanged           obj/CDCClassDevice.o
EVENT_CDC_Device_LineEncodingChanged              obj/CDCClassDevice.o
EVENT_PRNT_Device_SoftReset                       obj/PrinterClassDevice.o
EVENT_USB_Device_ConfigurationChanged             obj/KeyboardMouse.o
                                                  obj/DeviceStandardReq.o
EVENT_USB_Device_Connect                          obj/KeyboardMouse.o
                                                  obj/USBInterrupt_AVR8.o
EVENT_USB_Device_ControlRequest                   obj/KeyboardMouse.o
                                                  obj/DeviceStandardReq.o
EVENT_USB_Device_Disconnect                       obj/KeyboardMouse.o
                                                  obj/USBInterrupt_AVR8.o
EVENT_USB_Device_Reset                            obj/Events.o
                                                  obj/USBInterrupt_AVR8.o
EVENT_USB_Device_StartOfFrame                     obj/KeyboardMouse.o
                                                  obj/USBInterrupt_AVR8.o
EVENT_USB_Device_Suspend                          obj/Events.o
EVENT_USB_Device_WakeUp                           obj/Events.o
Endpoint_ClearEndpoints                           obj/Endpoint_AVR8.o
Endpoint_ClearStatusStage                         obj/Endpoint_AVR8.o
                                                  obj/PrinterClassDevice.o
                                                  obj/MassStorageClassDevice.o
                                                  obj/HIDClassDevice.o
                                                  obj/CDCClassDevice.o
                                                  obj/AudioClassDevice.o
                                                  obj/DeviceStandardReq.o
Endpoint_ConfigureEndpointTable                   obj/Endpoint_AVR8.o
                                                  obj/RNDISClassDevice.o
                                                  obj/PrinterClassDevice.o
                                                  obj/MIDIClassDevice.o
                                                  obj/MassStorageClassDevice.o
                                                  obj/HIDClassDevice.o
                                                  obj/CDCClassDevice.o
                                                  obj/CCIDClassDevice.o
                                                  obj/AudioClassDevice.o
Endpoint_ConfigureEndpoint_Prv                    obj/Endpoint_AVR8.o
                                                  obj/USBInterrupt_AVR8.o
                                                  obj/USBController_AVR8.o
Endpoint_Discard_Stream                           obj/EndpointStream_AVR8.o
                                                  obj/RNDISClassDevice.o
Endpoint_Null_Stream                              obj/EndpointStream_AVR8.o
Endpoint_Read_Control_EStream_BE                  obj/EndpointStream_AVR8.o
Endpoint_Read_Control_EStream_LE                  obj/EndpointStream_AVR8.o
Endpoint_Read_Control_Stream_BE                   obj/EndpointStream_AVR8.o
Endpoint_Read_Control_Stream_LE                   obj/EndpointStream_AVR8.o
                                                  obj/RNDISClassDevice.o
                                                  obj/HIDClassDevice.o
                                                  obj/AudioClassDevice.o
Endpoint_Read_EStream_BE                          obj/EndpointStream_AVR8.o
Endpoint_Read_EStream_LE                          obj/EndpointStream_AVR8.o
Endpoint_Read_Stream_BE                           obj/EndpointStream_AVR8.o
Endpoint_Read_Stream_LE                           obj/EndpointStream_AVR8.o
                                                  obj/RNDISClassDevice.o
                                                  obj/MIDIClassDevice.o
                                                  obj/MassStorageClassDevice.o
                                                  obj/CCIDClassDevice.o
Endpoint_WaitUntilReady                           obj/Endpoint_AVR8.o
                                                  obj/RNDISClassDevice.o
                                                  obj/PrinterClassDevice.o
                                                  obj/MIDIClassDevice.o
                                                  obj/CDCClassDevice.o
                                                  obj/EndpointStream_AVR8.o
Endpoint_Write_Control_EStream_BE                 obj/EndpointStream_AVR8.o
Endpoint_Write_Control_EStream_LE                 obj/EndpointStream_AVR8.o
Endpoint_Write_Control_PStream_BE                 obj/EndpointStream_AVR8.o
Endpoint_Write_Control_PStream_LE                 obj/EndpointStream_AVR8.o
                                                  obj/DeviceStandardReq.o
Endpoint_Write_Control_Stream_BE                  obj/EndpointStream_AVR8.o
Endpoint_Write_Control_Stream_LE                  obj/EndpointStream_AVR8.o
                                                  obj/RNDISClassDevice.o
                                                  obj/PrinterClassDevice.o
                                                  obj/HIDClassDevice.o
                                                  obj/AudioClassDevice.o
                                                  obj/DeviceStandardReq.o
Endpoint_Write_EStream_BE                         obj/EndpointStream_AVR8.o
Endpoint_Write_EStream_LE                         obj/EndpointStream_AVR8.o
Endpoint_Write_PStream_BE                         obj/EndpointStream_AVR8.o
Endpoint_Write_PStream_LE                         obj/EndpointStream_AVR8.o
                                                  obj/CDCClassDevice.o
Endpoint_Write_Stream_BE                          obj/EndpointStream_AVR8.o
Endpoint_Write_Stream_LE                          obj/EndpointStream_AVR8.o
                                                  obj/RNDISClassDevice.o
                                                  obj/PrinterClassDevice.o
                                                  obj/MIDIClassDevice.o
                                                  obj/MassStorageClassDevice.o
                                                  obj/HIDClassDevice.o
                                                  obj/CDCClassDevice.o
                                                  obj/CCIDClassDevice.o
HID_Device_ConfigureEndpoints                     obj/HIDClassDevice.o
                                                  obj/KeyboardMouse.o
HID_Device_ProcessControlRequest                  obj/HIDClassDevice.o
                                                  obj/KeyboardMouse.o
HID_Device_USBTask                                obj/HIDClassDevice.o
                                                  obj/KeyboardMouse.o
KeyboardReport                                    obj/Descriptors.o
Keyboard_Buffer                                   obj/KeyboardMouse.o
Keyboard_HID_Interface                            obj/KeyboardMouse.o
LanguageString                                    obj/Descriptors.o
MIDI_Device_ConfigureEndpoints                    obj/MIDIClassDevice.o
MIDI_Device_Flush                                 obj/MIDIClassDevice.o
MIDI_Device_ReceiveEventPacket                    obj/MIDIClassDevice.o
MIDI_Device_SendEventPacket                       obj/MIDIClassDevice.o
MIDI_Device_USBTask                               obj/MIDIClassDevice.o
MS_Device_ConfigureEndpoints                      obj/MassStorageClassDevice.o
MS_Device_ProcessControlRequest                   obj/MassStorageClassDevice.o
MS_Device_USBTask                                 obj/MassStorageClassDevice.o
ManufacturerString                                obj/Descriptors.o
MouseReport                                       obj/Descriptors.o
Mouse_Buffer                                      obj/KeyboardMouse.o
Mouse_HID_Interface                               obj/KeyboardMouse.o
PRNT_Device_BytesReceived                         obj/PrinterClassDevice.o
PRNT_Device_ConfigureEndpoints                    obj/PrinterClassDevice.o
PRNT_Device_CreateBlockingStream                  obj/PrinterClassDevice.o
PRNT_Device_CreateStream                          obj/PrinterClassDevice.o
PRNT_Device_Event_Stub                            obj/PrinterClassDevice.o
PRNT_Device_Flush                                 obj/PrinterClassDevice.o
PRNT_Device_ProcessControlRequest                 obj/PrinterClassDevice.o
PRNT_Device_ReceiveByte                           obj/PrinterClassDevice.o
PRNT_Device_SendByte                              obj/PrinterClassDevice.o
PRNT_Device_SendData                              obj/PrinterClassDevice.o
PRNT_Device_SendString                            obj/PrinterClassDevice.o
PRNT_Device_USBTask                               obj/PrinterClassDevice.o
ProductString                                     obj/Descriptors.o
RNDIS_Device_ConfigureEndpoints                   obj/RNDISClassDevice.o
RNDIS_Device_IsPacketReceived                     obj/RNDISClassDevice.o
RNDIS_Device_ProcessControlRequest                obj/RNDISClassDevice.o
RNDIS_Device_ReadPacket                           obj/RNDISClassDevice.o
RNDIS_Device_SendPacket                           obj/RNDISClassDevice.o
RNDIS_Device_USBTask                              obj/RNDISClassDevice.o
SetupHardware                                     obj/KeyboardMouse.o
USB_ControlRequest                                obj/USBTask.o
                                                  obj/RNDISClassDevice.o
                                                  obj/PrinterClassDevice.o
                                                  obj/MassStorageClassDevice.o
                                                  obj/HIDClassDevice.o
                                                  obj/CDCClassDevice.o
                                                  obj/CCIDClassDevice.o
                                                  obj/AudioClassDevice.o
                                                  obj/DeviceStandardReq.o
                                                  obj/Endpoint_AVR8.o
                                                  obj/EndpointStream_AVR8.o
USB_DeviceState                                   obj/USBTask.o
                                                  obj/RNDISClassDevice.o
                                                  obj/PrinterClassDevice.o
                                                  obj/MIDIClassDevice.o
                                                  obj/MassStorageClassDevice.o
                                                  obj/HIDClassDevice.o
                                                  obj/CDCClassDevice.o
                                                  obj/DeviceStandardReq.o
                                                  obj/USBInterrupt_AVR8.o
                                                  obj/USBController_AVR8.o
                                                  obj/Endpoint_AVR8.o
                                                  obj/EndpointStream_AVR8.o
                                                  obj/KeyboardMouse.o
USB_Device_ConfigurationNumber                    obj/DeviceStandardReq.o
                                                  obj/USBInterrupt_AVR8.o
                                                  obj/USBController_AVR8.o
USB_Device_CurrentlySelfPowered                   obj/DeviceStandardReq.o
                                                  obj/USBController_AVR8.o
USB_Device_ProcessControlRequest                  obj/DeviceStandardReq.o
                                                  obj/USBTask.o
USB_Device_RemoteWakeupEnabled                    obj/DeviceStandardReq.o
                                                  obj/USBController_AVR8.o
USB_Device_SendRemoteWakeup                       obj/Device_AVR8.o
USB_Disable                                       obj/USBController_AVR8.o
USB_Event_Stub                                    obj/Events.o
USB_Event_Stub_2                                  obj/Events.o
USB_Event_Stub_3                                  obj/Events.o
USB_GetHIDReportItemInfo                          obj/HIDParser.o
USB_GetHIDReportSize                              obj/HIDParser.o
USB_GetNextDescriptorComp                         obj/ConfigDescriptors.o
USB_GetNextDescriptorOfType                       obj/ConfigDescriptors.o
USB_GetNextDescriptorOfTypeAfter                  obj/ConfigDescriptors.o
USB_GetNextDescriptorOfTypeBefore                 obj/ConfigDescriptors.o
USB_INT_ClearAllInterrupts                        obj/USBInterrupt_AVR8.o
                                                  obj/USBController_AVR8.o
USB_INT_DisableAllInterrupts                      obj/USBInterrupt_AVR8.o
                                                  obj/USBController_AVR8.o
USB_Init                                          obj/USBController_AVR8.o
                                                  obj/KeyboardMouse.o
USB_IsInitialized                                 obj/USBTask.o
                                                  obj/USBController_AVR8.o
USB_ProcessHIDReport                              obj/HIDParser.o
USB_ResetInterface                                obj/USBController_AVR8.o
USB_SetHIDReportItemInfo                          obj/HIDParser.o
USB_USBTask                                       obj/USBTask.o
                                                  obj/PrinterClassDevice.o
                                                  obj/MassStorageClassDevice.o
                                                  obj/CDCClassDevice.o
                                                  obj/EndpointStream_AVR8.o
                                                  obj/KeyboardMouse.o
__DATA_REGION_LENGTH__                            /usr/lib/gcc/avr/5.4.0/../../../avr/lib/avr35/crtatmega16u2.o
__DATA_REGION_ORIGIN__                            /usr/lib/gcc/avr/5.4.0/../../../avr/lib/avr35/crtatmega16u2.o
__EEPROM_REGION_LENGTH__                          /usr/lib/gcc/avr/5.4.0/../../../avr/lib/avr35/crtatmega16u2.o
__FUSE_REGION_LENGTH__                            /usr/lib/gcc/avr/5.4.0/../../../avr/lib/avr35/crtatmega16u2.o
__TEXT_REGION_LENGTH__                            /usr/lib/gcc/avr/5.4.0/../../../avr/lib/avr35/crtatmega16u2.o
__bad_interrupt                                   /usr/lib/gcc/avr/5.4.0/../../../avr/lib/avr35/crtatmega16u2.o
__bss_end                                         /usr/lib/gcc/avr/5.4.0/avr35/libgcc.a(_clear_bss.o)
__bss_start                                       /usr/lib/gcc/avr/5.4.0/avr35/libgcc.a(_clear_bss.o)
__data_end                                        /usr/lib/gcc/avr/5.4.0/avr35/libgcc.a(_copy_data.o)
__data_load_start                                 /usr/lib/gcc/avr/5.4.0/avr35/libgcc.a(_copy_data.o)
__data_start                                      /usr/lib/gcc/avr/5.4.0/avr35/libgcc.a(_copy_data.o)
__do_clear_bss                                    /usr/lib/gcc/avr/5.4.0/avr35/libgcc.a(_clear_bss.o)
                                                  obj/USBTask.o
                                                  obj/DeviceStandardReq.o
                                                  obj/KeyboardMouse.o
__do_copy_data                                    /usr/lib/gcc/avr/5.4.0/avr35/libgcc.a(_copy_data.o)
                                                  obj/RNDISClassDevice.o
                                                  obj/CDCClassDevice.o
                                                  obj/KeyboardMouse.o
__heap_end                                        /usr/lib/gcc/avr/5.4.0/../../../avr/lib/avr35/crtatmega16u2.o
__init                                            /usr/lib/gcc/avr/5.4.0/../../../avr/lib/avr35/crtatmega16u2.o
__mulhi3                                          /usr/lib/gcc/avr/5.4.0/avr35/libgcc.a(_mulhi3.o)
                                                  obj/HIDParser.o
__stack                                           /usr/lib/gcc/avr/5.4.0/../../../avr/lib/avr35/crtatmega16u2.o
__strlen_P                                        /usr/lib/gcc/avr/5.4.0/../../../avr/lib/avr35/libc.a(strlen_P.o)
                                                  obj/CDCClassDevice.o
__vector_1                                        /usr/lib/gcc/avr/5.4.0/../../../avr/lib/avr35/crtatmega16u2.o
__vector_10                                       /usr/lib/gcc/avr/5.4.0/../../../avr/lib/avr35/crtatmega16u2.o
__vector_11                                       obj/USBInterrupt_AVR8.o
                                                  /usr/lib/gcc/avr/5.4.0/../../../avr/lib/avr35/crtatmega16u2.o
__vector_12                                       /usr/lib/gcc/avr/5.4.0/../../../avr/lib/avr35/crtatmega16u2.o
__vector_13                                       /usr/lib/gcc/avr/5.4.0/../../../avr/lib/avr35/crtatmega16u2.o
__vector_14                                       /usr/lib/gcc/avr/5.4.0/../../../avr/lib/avr35/crtatmega16u2.o
__vector_15                                       /usr/lib/gcc/avr/5.4.0/../../../avr/lib/avr35/crtatmega16u2.o
__vector_16                                       /usr/lib/gcc/avr/5.4.0/../../../avr/lib/avr35/crtatmega16u2.o
__vector_17                                       /usr/lib/gcc/avr/5.4.0/../../../avr/lib/avr35/crtatmega16u2.o
__vector_18                                       /usr/lib/gcc/avr/5.4.0/../../../avr/lib/avr35/crtatmega16u2.o
__vector_19                                       /usr/lib/gcc/avr/5.4.0/../../../avr/lib/avr35/crtatmega16u2.o
__vector_2                                        /usr/lib/gcc/avr/5.4.0/../../../avr/lib/avr35/crtatmega16u2.o
__vector_20                                       /usr/lib/gcc/avr/5.4.0/../../../avr/lib/avr35/crtatmega16u2.o
__vector_21                                       /usr/lib/gcc/avr/5.4.0/../../../avr/lib/avr35/crtatmega16u2.o
__vector_22                                       /usr/lib/gcc/avr/5.4.0/../../../avr/lib/avr35/crtatmega16u2.o
__vector_23                                       obj/KeyboardMouse.o
                                                  /usr/lib/gcc/avr/5.4.0/../../../avr/lib/avr35/crtatmega16u2.o
__vector_24                                       /usr/lib/gcc/avr/5.4.0/../../../avr/lib/avr35/crtatmega16u2.o
__vector_25                                       /usr/lib/gcc/avr/5.4.0/../../../avr/lib/avr35/crtatmega16u2.o
__vector_26                                       /usr/lib/gcc/avr/5.4.0/../../../avr/lib/avr35/crtatmega16u2.o
__vector_27                                       /usr/lib/gcc/avr/5.4.0/../../../avr/lib/avr35/crtatmega16u2.o
__vector_28                                       /usr/lib/gcc/avr/5.4.0/../../../avr/lib/avr35/crtatmega16u2.o
__vector_3                                        /usr/lib/gcc/avr/5.4.0/../../../avr/lib/avr35/crtatmega16u2.o
__vector_4                                        /usr/lib/gcc/avr/5.4.0/../../../avr/lib/avr35/crtatmega16u2.o
__vector_5                                        /usr/lib/gcc/avr/5.4.0/../../../avr/lib/avr35/crtatmega16u2.o
__vector_6                                        /usr/lib/gcc/avr/5.4.0/../../../avr/lib/avr35/crtatmega16u2.o
__vector_7                                        /usr/lib/gcc/avr/5.4.0/../../../avr/lib/avr35/crtatmega16u2.o
__vector_8                                        /usr/lib/gcc/avr/5.4.0/../../../avr/lib/avr35/crtatmega16u2.o
__vector_9                                        /usr/lib/gcc/avr/5.4.0/../../../avr/lib/avr35/crtatmega16u2.o
__vector_default                                  /usr/lib/gcc/avr/5.4.0/../../../avr/lib/avr35/crtatmega16u2.o
__vectors                                         /usr/lib/gcc/avr/5.4.0/../../../avr/lib/avr35/crtatmega16u2.o
_exit                                             /usr/lib/gcc/avr/5.4.0/avr35/libgcc.a(_exit.o)
eeprom_read_byte                                  /usr/lib/gcc/avr/5.4.0/../../../avr/lib/avr35/libatmega16u2.a(eerd_byte.o)
                                                  obj/EndpointStream_AVR8.o
eeprom_update_byte                                /usr/lib/gcc/avr/5.4.0/../../../avr/lib/avr35/libatmega16u2.a(eeupd_byte.o)
                                                  obj/EndpointStream_AVR8.o
eeprom_update_r18                                 /usr/lib/gcc/avr/5.4.0/../../../avr/lib/avr35/libatmega16u2.a(eeupd_byte.o)
exit                                              /usr/lib/gcc/avr/5.4.0/avr35/libgcc.a(_exit.o)
                                                  /usr/lib/gcc/avr/5.4.0/../../../avr/lib/avr35/crtatmega16u2.o
keyboardData                                      obj/KeyboardMouse.o
ledReport                                         obj/KeyboardMouse.o
main                                              obj/KeyboardMouse.o
                                                  /usr/lib/gcc/avr/5.4.0/../../../avr/lib/avr35/crtatmega16u2.o
memcmp                                            /usr/lib/gcc/avr/5.4.0/../../../avr/lib/avr35/libc.a(memcmp.o)
                                                  obj/HIDClassDevice.o
memcpy                                            /usr/lib/gcc/avr/5.4.0/../../../avr/lib/avr35/libc.a(memcpy.o)
                                                  obj/RNDISClassDevice.o
                                                  obj/HIDClassDevice.o
memcpy_P                                          /usr/lib/gcc/avr/5.4.0/../../../avr/lib/avr35/libc.a(memcpy_P.o)
                                                  obj/RNDISClassDevice.o
memset                                            /usr/lib/gcc/avr/5.4.0/../../../avr/lib/avr35/libc.a(memset.o)
                                                  obj/HIDClassDevice.o
mouseReport                                       obj/KeyboardMouse.o
